⚠ Warning: Next.js inferred your workspace root, but it may not be correct.
 We detected multiple lockfiles and selected the directory of D:\Download\Môn học\AI in Action\package-lock.json as the root directory.
 To silence this warning, set `turbopack.root` in your Next.js config, or consider removing one of the lockfiles if it's not needed.
   See https://nextjs.org/docs/app/api-reference/config/next-config-js/turbopack#root-directory for more information.
 Detected additional lockfiles: 
   * D:\Download\Môn học\AI in Action\C2-App-103\frontend\package-lock.json
   * D:\Download\Môn học\AI in Action\C2-App-103\package-lock.json

⚠ metadataBase property in metadata export is not set for resolving social open graph or twitter images, using "http://localhost:3000". See https://nextjs.org/docs/app/api-reference/functions/generate-metadata#metadatabase
[browser] Uncaught Error: Hydration failed because the server rendered text didn't match the client. As a result this tree will be regenerated on the client. This can happen if a SSR-ed Client Component used:

- A server/client branch `if (typeof window !== 'undefined')`.
- Variable input such as `Date.now()` or `Math.random()` which changes each time it's called.
- Date formatting in a user's locale which doesn't match the server.
- External changing data without sending a snapshot of it along with the HTML.
- Invalid HTML tag nesting.

It can also happen if the client has a browser extension installed which messes with the HTML before React loaded.

https://react.dev/link/hydration-mismatch

  ...
    <HotReload globalError={[...]} webSocket={WebSocket} staticIndicatorState={{pathname:null, ...}}>
      <AppDevOverlayErrorBoundary globalError={[...]}>
        <ReplaySsrOnlyErrors>
        <DevRootHTTPAccessFallbackBoundary>
          <HTTPAccessFallbackBoundary notFound={<NotAllowedRootHTTPFallbackError>}>
            <HTTPAccessFallbackErrorBoundary pathname="/learn" notFound={<NotAllowedRootHTTPFallbackError>} ...>
              <RedirectBoundary>
                <RedirectErrorBoundary router={{...}}>
                  <Head>
                  <__next_root_layout_boundary__>
                    <SegmentViewNode type="layout" pagePath="layout.tsx">
                      <SegmentTrieNode>
                      <link>
                      <script>
                      <script>
                      <RootLayout>
                        <html
                          lang="vi"
+                         className="inter_aa6ddff5-module__eDpgjq__variable space_grotesk_b7d22d07-module__NzpDMW__va..."
-                         className="inter_aa6ddff5-module__eDpgjq__variable space_grotesk_b7d22d07-module__NzpDMW__va..."
-                         data-scribe-recorder-ready="true"
                        >
                          <head>
                          ...
                            <div className="flex max-w..." style={{opacity:1, ...}} ...>
                              <div>
                              <div className="flex max-w...">
                                <div>
                                <div className="flex items...">
                                  <span className="text-[9px] font-bold tracking-tight text-gray-400">
+                                   12:21
-                                   12:20 PM
                                  ...
                  ...

    at <unknown> (https://react.dev/link/hydration-mismatch)
    at <unknown> (+                                   12:21)
    at throwOnHydrationMismatch (file://D:/Download/Môn học/AI in Action/C2-App-103/frontend/.next/dev/static/chunks/075z_next_dist_compiled_react-dom_14kcoq-._.js:3318:56)
    at prepareToHydrateHostInstance (file://D:/Download/Môn học/AI in Action/C2-App-103/frontend/.next/dev/static/chunks/075z_next_dist_compiled_react-dom_14kcoq-._.js:3372:23)
    at completeWork (file://D:/Download/Môn học/AI in Action/C2-App-103/frontend/.next/dev/static/chunks/075z_next_dist_compiled_react-dom_14kcoq-._.js:6922:60)
    at runWithFiberInDEV (file://D:/Download/Môn học/AI in Action/C2-App-103/frontend/.next/dev/static/chunks/075z_next_dist_compiled_react-dom_14kcoq-._.js:965:74)
    at completeUnitOfWork (file://D:/Download/Môn học/AI in Action/C2-App-103/frontend/.next/dev/static/chunks/075z_next_dist_compiled_react-dom_14kcoq-._.js:9622:23)
    at performUnitOfWork (file://D:/Download/Môn học/AI in Action/C2-App-103/frontend/.next/dev/static/chunks/075z_next_dist_compiled_react-dom_14kcoq-._.js:9557:28)
    at workLoopConcurrentByScheduler (file://D:/Download/Môn học/AI in Action/C2-App-103/frontend/.next/dev/static/chunks/075z_next_dist_compiled_react-dom_14kcoq-._.js:9551:58)
    at renderRootConcurrent (file://D:/Download/Môn học/AI in Action/C2-App-103/frontend/.next/dev/static/chunks/075z_next_dist_compiled_react-dom_14kcoq-._.js:9534:71)
    at performWorkOnRoot (file://D:/Download/Môn học/AI in Action/C2-App-103/frontend/.next/dev/static/chunks/075z_next_dist_compiled_react-dom_14kcoq-._.js:9061:150)
    at performWorkOnRootViaSchedulerTask (file://D:/Download/Môn học/AI in Action/C2-App-103/frontend/.next/dev/static/chunks/075z_next_dist_compiled_react-dom_14kcoq-._.js:10255:9)
    at MessagePort.performWorkUntilDeadline (file://D:/Download/Môn học/AI in Action/C2-App-103/frontend/.next/dev/static/chunks/075z_next_dist_compiled_0wjf9yk._.js:2647:64)
    at span (<anonymous>)
    at <unknown> (file://D:/Download/Môn học/AI in Action/C2-App-103/frontend/.next/dev/static/chunks/C2-App-103_frontend_src_0llzkhi._.js:1782:291)
    at Array.map (<anonymous>)
    at AIExplanationChat (file://D:/Download/Môn học/AI in Action/C2-App-103/frontend/.next/dev/static/chunks/C2-App-103_frontend_src_0llzkhi._.js:1488:38)
    at LearnPage (file://D:/Download/Môn học/AI in Action/C2-App-103/frontend/.next/dev/static/chunks/C2-App-103_frontend_src_0llzkhi._.js:2227:257)
    at ClientPageRoot (file://D:/Download/Môn học/AI in Action/C2-App-103/frontend/.next/dev/static/chunks/075z_next_dist_1wm2p07._.js:4461:50)
[browser] TypeError: Failed to fetch
    at handleSendMessage (file://D:/Download/Môn học/AI in Action/C2-App-103/frontend/.next/dev/static/chunks/C2-App-103_frontend_src_0llzkhi._.js:1248:36)
    at executeDispatch (file://D:/Download/Môn học/AI in Action/C2-App-103/frontend/.next/dev/static/chunks/075z_next_dist_compiled_react-dom_14kcoq-._.js:10329:13)
    at runWithFiberInDEV (file://D:/Download/Môn học/AI in Action/C2-App-103/frontend/.next/dev/static/chunks/075z_next_dist_compiled_react-dom_14kcoq-._.js:965:74)
    at processDispatchQueue (file://D:/Download/Môn học/AI in Action/C2-App-103/frontend/.next/dev/static/chunks/075z_next_dist_compiled_react-dom_14kcoq-._.js:10355:41)
    at <unknown> (file://D:/Download/Môn học/AI in Action/C2-App-103/frontend/.next/dev/static/chunks/075z_next_dist_compiled_react-dom_14kcoq-._.js:10633:13)
    at batchedUpdates$1 (file://D:/Download/Môn học/AI in Action/C2-App-103/frontend/.next/dev/static/chunks/075z_next_dist_compiled_react-dom_14kcoq-._.js:2253:44)
    at dispatchEventForPluginEventSystem (file://D:/Download/Môn học/AI in Action/C2-App-103/frontend/.next/dev/static/chunks/075z_next_dist_compiled_react-dom_14kcoq-._.js:10431:9)
    at dispatchEvent (file://D:/Download/Môn học/AI in Action/C2-App-103/frontend/.next/dev/static/chunks/075z_next_dist_compiled_react-dom_14kcoq-._.js:13002:37)
    at dispatchDiscreteEvent (file://D:/Download/Môn học/AI in Action/C2-App-103/frontend/.next/dev/static/chunks/075z_next_dist_compiled_react-dom_14kcoq-._.js:12984:64) (file://D:/Download/Môn học/AI in Action/C2-App-103/frontend/.next/dev/static/chunks/C2-App-103_frontend_src_0llzkhi._.js:1305:21)
[browser] TypeError: Failed to fetch
    at handleSendMessage (file://D:/Download/Môn học/AI in Action/C2-App-103/frontend/.next/dev/static/chunks/C2-App-103_frontend_src_0llzkhi._.js:1248:36)
    at executeDispatch (file://D:/Download/Môn học/AI in Action/C2-App-103/frontend/.next/dev/static/chunks/075z_next_dist_compiled_react-dom_14kcoq-._.js:10329:13)
    at runWithFiberInDEV (file://D:/Download/Môn học/AI in Action/C2-App-103/frontend/.next/dev/static/chunks/075z_next_dist_compiled_react-dom_14kcoq-._.js:965:74)
    at processDispatchQueue (file://D:/Download/Môn học/AI in Action/C2-App-103/frontend/.next/dev/static/chunks/075z_next_dist_compiled_react-dom_14kcoq-._.js:10355:41)
    at <unknown> (file://D:/Download/Môn học/AI in Action/C2-App-103/frontend/.next/dev/static/chunks/075z_next_dist_compiled_react-dom_14kcoq-._.js:10633:13)
    at batchedUpdates$1 (file://D:/Download/Môn học/AI in Action/C2-App-103/frontend/.next/dev/static/chunks/075z_next_dist_compiled_react-dom_14kcoq-._.js:2253:44)
    at dispatchEventForPluginEventSystem (file://D:/Download/Môn học/AI in Action/C2-App-103/frontend/.next/dev/static/chunks/075z_next_dist_compiled_react-dom_14kcoq-._.js:10431:9)
    at dispatchEvent (file://D:/Download/Môn học/AI in Action/C2-App-103/frontend/.next/dev/static/chunks/075z_next_dist_compiled_react-dom_14kcoq-._.js:13002:37)
    at dispatchDiscreteEvent (file://D:/Download/Môn học/AI in Action/C2-App-103/frontend/.next/dev/static/chunks/075z_next_dist_compiled_react-dom_14kcoq-._.js:12984:64) (file://D:/Download/Môn học/AI in Action/C2-App-103/frontend/.next/dev/static/chunks/C2-App-103_frontend_src_0llzkhi._.js:1305:21)
⚠ metadataBase property in metadata export is not set for resolving social open graph or twitter images, using "http://localhost:3000". See https://nextjs.org/docs/app/api-reference/functions/generate-metadata#metadatabase
[browser] TypeError: Failed to fetch
    at handleSendMessage (file://D:/Download/Môn học/AI in Action/C2-App-103/frontend/.next/dev/static/chunks/C2-App-103_frontend_src_0llzkhi._.js?id=%255Bproject%255D%252FC2-App-103%252Ffrontend%252Fsrc%252Fcomponents%252FAIExplanationChat.tsx+%255Bapp-client%255D+%2528ecmascript%2529:466:36)
    at executeDispatch (file://D:/Download/Môn học/AI in Action/C2-App-103/frontend/.next/dev/static/chunks/075z_next_dist_compiled_react-dom_14kcoq-._.js:10329:13)
    at runWithFiberInDEV (file://D:/Download/Môn học/AI in Action/C2-App-103/frontend/.next/dev/static/chunks/075z_next_dist_compiled_react-dom_14kcoq-._.js:965:74)
    at processDispatchQueue (file://D:/Download/Môn học/AI in Action/C2-App-103/frontend/.next/dev/static/chunks/075z_next_dist_compiled_react-dom_14kcoq-._.js:10355:41)
    at <unknown> (file://D:/Download/Môn học/AI in Action/C2-App-103/frontend/.next/dev/static/chunks/075z_next_dist_compiled_react-dom_14kcoq-._.js:10633:13)
    at batchedUpdates$1 (file://D:/Download/Môn học/AI in Action/C2-App-103/frontend/.next/dev/static/chunks/075z_next_dist_compiled_react-dom_14kcoq-._.js:2253:44)
    at dispatchEventForPluginEventSystem (file://D:/Download/Môn học/AI in Action/C2-App-103/frontend/.next/dev/static/chunks/075z_next_dist_compiled_react-dom_14kcoq-._.js:10431:9)
    at dispatchEvent (file://D:/Download/Môn học/AI in Action/C2-App-103/frontend/.next/dev/static/chunks/075z_next_dist_compiled_react-dom_14kcoq-._.js:13002:37)
    at dispatchDiscreteEvent (file://D:/Download/Môn học/AI in Action/C2-App-103/frontend/.next/dev/static/chunks/075z_next_dist_compiled_react-dom_14kcoq-._.js:12984:64) (file://D:/Download/Môn học/AI in Action/C2-App-103/frontend/.next/dev/static/chunks/C2-App-103_frontend_src_0llzkhi._.js?id=%255Bproject%255D%252FC2-App-103%252Ffrontend%252Fsrc%252Fcomponents%252FAIExplanationChat.tsx+%255Bapp-client%255D+%2528ecmascript%2529:523:21)
[browser] TypeError: Failed to fetch
    at handleSendMessage (file://D:/Download/Môn học/AI in Action/C2-App-103/frontend/.next/dev/static/chunks/C2-App-103_frontend_src_0llzkhi._.js?id=%255Bproject%255D%252FC2-App-103%252Ffrontend%252Fsrc%252Fcomponents%252FAIExplanationChat.tsx+%255Bapp-client%255D+%2528ecmascript%2529:466:36)
    at executeDispatch (file://D:/Download/Môn học/AI in Action/C2-App-103/frontend/.next/dev/static/chunks/075z_next_dist_compiled_react-dom_14kcoq-._.js:10329:13)
    at runWithFiberInDEV (file://D:/Download/Môn học/AI in Action/C2-App-103/frontend/.next/dev/static/chunks/075z_next_dist_compiled_react-dom_14kcoq-._.js:965:74)
    at processDispatchQueue (file://D:/Download/Môn học/AI in Action/C2-App-103/frontend/.next/dev/static/chunks/075z_next_dist_compiled_react-dom_14kcoq-._.js:10355:41)
    at <unknown> (file://D:/Download/Môn học/AI in Action/C2-App-103/frontend/.next/dev/static/chunks/075z_next_dist_compiled_react-dom_14kcoq-._.js:10633:13)
    at batchedUpdates$1 (file://D:/Download/Môn học/AI in Action/C2-App-103/frontend/.next/dev/static/chunks/075z_next_dist_compiled_react-dom_14kcoq-._.js:2253:44)
    at dispatchEventForPluginEventSystem (file://D:/Download/Môn học/AI in Action/C2-App-103/frontend/.next/dev/static/chunks/075z_next_dist_compiled_react-dom_14kcoq-._.js:10431:9)
    at dispatchEvent (file://D:/Download/Môn học/AI in Action/C2-App-103/frontend/.next/dev/static/chunks/075z_next_dist_compiled_react-dom_14kcoq-._.js:13002:37)
    at dispatchDiscreteEvent (file://D:/Download/Môn học/AI in Action/C2-App-103/frontend/.next/dev/static/chunks/075z_next_dist_compiled_react-dom_14kcoq-._.js:12984:64) (file://D:/Download/Môn học/AI in Action/C2-App-103/frontend/.next/dev/static/chunks/C2-App-103_frontend_src_0llzkhi._.js?id=%255Bproject%255D%252FC2-App-103%252Ffrontend%252Fsrc%252Fcomponents%252FAIExplanationChat.tsx+%255Bapp-client%255D+%2528ecmascript%2529:523:21)
[browser] A tree hydrated but some attributes of the server rendered HTML didn't match the client properties. This won't be patched up. This can happen if a SSR-ed Client Component used:

- A server/client branch `if (typeof window !== 'undefined')`.
- Variable input such as `Date.now()` or `Math.random()` which changes each time it's called.
- Date formatting in a user's locale which doesn't match the server.
- External changing data without sending a snapshot of it along with the HTML.
- Invalid HTML tag nesting.

It can also happen if the client has a browser extension installed which messes with the HTML before React loaded.

https://react.dev/link/hydration-mismatch

  ...
    <HotReload globalError={[...]} webSocket={WebSocket} staticIndicatorState={{pathname:null, ...}}>
      <AppDevOverlayErrorBoundary globalError={[...]}>
        <ReplaySsrOnlyErrors>
        <DevRootHTTPAccessFallbackBoundary>
          <HTTPAccessFallbackBoundary notFound={<NotAllowedRootHTTPFallbackError>}>
            <HTTPAccessFallbackErrorBoundary pathname="/learn" notFound={<NotAllowedRootHTTPFallbackError>} ...>
              <RedirectBoundary>
                <RedirectErrorBoundary router={{...}}>
                  <Head>
                  <__next_root_layout_boundary__>
                    <SegmentViewNode type="layout" pagePath="layout.tsx">
                      <SegmentTrieNode>
                      <link>
                      <script>
                      <script>
                      <RootLayout>
                        <html
                          lang="vi"
+                         className="inter_aa6ddff5-module__eDpgjq__variable space_grotesk_b7d22d07-module__NzpDMW__va..."
-                         className="inter_aa6ddff5-module__eDpgjq__variable space_grotesk_b7d22d07-module__NzpDMW__va..."
                        >
                  ...
 
    at <unknown> (file://D:/Download/Môn học/AI in Action/C2-App-103/frontend/.next/dev/static/chunks/075z_next_dist_compiled_react-dom_14kcoq-._.js:3439:25)
    at runWithFiberInDEV (file://D:/Download/Môn học/AI in Action/C2-App-103/frontend/.next/dev/static/chunks/075z_next_dist_compiled_react-dom_14kcoq-._.js:965:74)
    at emitPendingHydrationWarnings (file://D:/Download/Môn học/AI in Action/C2-App-103/frontend/.next/dev/static/chunks/075z_next_dist_compiled_react-dom_14kcoq-._.js:3438:13)
    at completeWork (file://D:/Download/Môn học/AI in Action/C2-App-103/frontend/.next/dev/static/chunks/075z_next_dist_compiled_react-dom_14kcoq-._.js:6885:102)
    at runWithFiberInDEV (file://D:/Download/Môn học/AI in Action/C2-App-103/frontend/.next/dev/static/chunks/075z_next_dist_compiled_react-dom_14kcoq-._.js:965:131)
    at completeUnitOfWork (file://D:/Download/Môn học/AI in Action/C2-App-103/frontend/.next/dev/static/chunks/075z_next_dist_compiled_react-dom_14kcoq-._.js:9622:23)
    at performUnitOfWork (file://D:/Download/Môn học/AI in Action/C2-App-103/frontend/.next/dev/static/chunks/075z_next_dist_compiled_react-dom_14kcoq-._.js:9557:28)
    at workLoopConcurrentByScheduler (file://D:/Download/Môn học/AI in Action/C2-App-103/frontend/.next/dev/static/chunks/075z_next_dist_compiled_react-dom_14kcoq-._.js:9551:58)
    at renderRootConcurrent (file://D:/Download/Môn học/AI in Action/C2-App-103/frontend/.next/dev/static/chunks/075z_next_dist_compiled_react-dom_14kcoq-._.js:9534:71)
    at performWorkOnRoot (file://D:/Download/Môn học/AI in Action/C2-App-103/frontend/.next/dev/static/chunks/075z_next_dist_compiled_react-dom_14kcoq-._.js:9061:150)
    at performWorkOnRootViaSchedulerTask (file://D:/Download/Môn học/AI in Action/C2-App-103/frontend/.next/dev/static/chunks/075z_next_dist_compiled_react-dom_14kcoq-._.js:10255:9)
    at MessagePort.performWorkUntilDeadline (file://D:/Download/Môn học/AI in Action/C2-App-103/frontend/.next/dev/static/chunks/075z_next_dist_compiled_0wjf9yk._.js:2647:64) (file://D:/Download/Môn học/AI in Action/C2-App-103/frontend/.next/dev/static/chunks/075z_next_dist_compiled_react-dom_14kcoq-._.js:3439:25)
[browser] TypeError: Failed to fetch
    at handleSendMessage (file://D:/Download/Môn học/AI in Action/C2-App-103/frontend/.next/dev/static/chunks/C2-App-103_frontend_src_0llzkhi._.js:1253:36)
    at executeDispatch (file://D:/Download/Môn học/AI in Action/C2-App-103/frontend/.next/dev/static/chunks/075z_next_dist_compiled_react-dom_14kcoq-._.js:10329:13)
    at runWithFiberInDEV (file://D:/Download/Môn học/AI in Action/C2-App-103/frontend/.next/dev/static/chunks/075z_next_dist_compiled_react-dom_14kcoq-._.js:965:74)
    at processDispatchQueue (file://D:/Download/Môn học/AI in Action/C2-App-103/frontend/.next/dev/static/chunks/075z_next_dist_compiled_react-dom_14kcoq-._.js:10355:41)
    at <unknown> (file://D:/Download/Môn học/AI in Action/C2-App-103/frontend/.next/dev/static/chunks/075z_next_dist_compiled_react-dom_14kcoq-._.js:10633:13)
    at batchedUpdates$1 (file://D:/Download/Môn học/AI in Action/C2-App-103/frontend/.next/dev/static/chunks/075z_next_dist_compiled_react-dom_14kcoq-._.js:2253:44)
    at dispatchEventForPluginEventSystem (file://D:/Download/Môn học/AI in Action/C2-App-103/frontend/.next/dev/static/chunks/075z_next_dist_compiled_react-dom_14kcoq-._.js:10431:9)
    at dispatchEvent (file://D:/Download/Môn học/AI in Action/C2-App-103/frontend/.next/dev/static/chunks/075z_next_dist_compiled_react-dom_14kcoq-._.js:13002:37)
    at dispatchDiscreteEvent (file://D:/Download/Môn học/AI in Action/C2-App-103/frontend/.next/dev/static/chunks/075z_next_dist_compiled_react-dom_14kcoq-._.js:12984:64) (file://D:/Download/Môn học/AI in Action/C2-App-103/frontend/.next/dev/static/chunks/C2-App-103_frontend_src_0llzkhi._.js:1310:21)
